SCRIPT  /usr/share/nvim/runtime/syntax/lua.vim
Sourced 1 time
Total time:   0.000706
 Self time:   0.000664

count  total (s)   self (s)
                            " Vim syntax file
                            " Language:     Lua 4.0, Lua 5.0, Lua 5.1, Lua 5.2 and Lua 5.3
                            " Maintainer:   Marcus Aurelius Farias <masserahguard-lua 'at' yahoo com>
                            " First Author: Carlos Augusto Teixeira Mendes <cmendes 'at' inf puc-rio br>
                            " Last Change:  2025 Feb 25
                            " Options:      lua_version = 4 or 5
                            "               lua_subversion = 0 (for 4.0 or 5.0)
                            "                               or 1, 2, 3 (for 5.1, 5.2 or 5.3)
                            "               the default is 5.3
                            
                            " quit when a syntax file was already loaded
    1              0.000003 if exists("b:current_syntax")
                              finish
    1              0.000000 endif
                            
    1              0.000002 let s:cpo_save = &cpo
    1   0.000024   0.000006 set cpo&vim
                            
                            " keep in sync with ftplugin/lua.vim
    1              0.000002 if !exists("lua_version")
                              " Default is lua 5.3
                              let lua_version = 5
                              let lua_subversion = 3
    1              0.000002 elseif !exists("lua_subversion")
                              " lua_version exists, but lua_subversion doesn't. In this case set it to 0
                              let lua_subversion = 0
    1              0.000000 endif
                            
    1              0.000001 syn case match
                            
                            " syncing method
    1              0.000001 syn sync minlines=1000
                            
    1              0.000001 if lua_version >= 5
    1              0.000008   syn keyword luaMetaMethod __add __sub __mul __div __pow __unm __concat
    1              0.000001   syn keyword luaMetaMethod __eq __lt __le
    1              0.000001   syn keyword luaMetaMethod __index __newindex __call
    1              0.000001   syn keyword luaMetaMethod __metatable __mode __gc __tostring
    1              0.000000 endif
                            
    1              0.000001 if lua_version > 5 || (lua_version == 5 && lua_subversion >= 1)
    1              0.000001   syn keyword luaMetaMethod __mod __len
    1              0.000000 endif
                            
    1              0.000001 if lua_version > 5 || (lua_version == 5 && lua_subversion >= 2)
    1              0.000001   syn keyword luaMetaMethod __pairs
    1              0.000000 endif
                            
    1              0.000001 if lua_version > 5 || (lua_version == 5 && lua_subversion >= 3)
    1              0.000001   syn keyword luaMetaMethod __idiv __name
    1              0.000001   syn keyword luaMetaMethod __band __bor __bxor __bnot __shl __shr
    1              0.000000 endif
                            
    1              0.000001 if lua_version > 5 || (lua_version == 5 && lua_subversion >= 4)
                              syn keyword luaMetaMethod __close
    1              0.000000 endif
                            
                            " catch errors caused by wrong parenthesis and wrong curly brackets or
                            " keywords placed outside their respective blocks
                            
    1              0.000007 syn region luaParen transparent start='(' end=')' contains=TOP,luaParenError
    1              0.000002 syn match  luaParenError ")"
    1              0.000003 syn match  luaError "}"
    1              0.000004 syn match  luaError "\<\%(end\|else\|elseif\|then\|until\|in\)\>"
                            
                            " Function declaration
    1              0.000006 syn region luaFunctionBlock transparent matchgroup=luaFunction start="\<function\>" end="\<end\>" contains=TOP
                            
                            " else
    1              0.000004 syn keyword luaCondElse matchgroup=luaCond contained containedin=luaCondEnd else
                            
                            " then ... end
    1              0.000005 syn region luaCondEnd contained transparent matchgroup=luaCond start="\<then\>" end="\<end\>" contains=TOP
                            
                            " elseif ... then
    1              0.000003 syn region luaCondElseif contained containedin=luaCondEnd transparent matchgroup=luaCond start="\<elseif\>" end="\<then\>" contains=TOP
                            
                            " if ... then
    1              0.000003 syn region luaCondStart transparent matchgroup=luaCond start="\<if\>" end="\<then\>"me=e-4 contains=TOP nextgroup=luaCondEnd skipwhite skipempty
                            
                            " do ... end
    1              0.000004 syn region luaBlock transparent matchgroup=luaStatement start="\<do\>" end="\<end\>" contains=TOP
                            " repeat ... until
    1              0.000005 syn region luaRepeatBlock transparent matchgroup=luaRepeat start="\<repeat\>" end="\<until\>" contains=TOP
                            
                            " while ... do
    1              0.000005 syn region luaWhile transparent matchgroup=luaRepeat start="\<while\>" end="\<do\>"me=e-2 contains=TOP nextgroup=luaBlock skipwhite skipempty
                            
                            " for ... do and for ... in ... do
    1              0.000004 syn region luaFor transparent matchgroup=luaRepeat start="\<for\>" end="\<do\>"me=e-2 contains=TOP nextgroup=luaBlock skipwhite skipempty
                            
    1              0.000001 syn keyword luaFor contained containedin=luaFor in
                            
                            " other keywords
    1              0.000001 syn keyword luaStatement return local break
    1              0.000001 if lua_version > 5 || (lua_version == 5 && lua_subversion >= 2)
    1              0.000001   syn keyword luaStatement goto
    1              0.000003   syn match luaLabel "::\I\i*::"
    1              0.000000 endif
                            
                            " operators
    1              0.000001 syn keyword luaOperator and or not
                            
    1              0.000001 if (lua_version == 5 && lua_subversion >= 3) || lua_version > 5
    1              0.000005   syn match luaSymbolOperator "[#<>=~^&|*/%+-]\|\.\{2,3}"
                            elseif lua_version == 5 && (lua_subversion == 1 || lua_subversion == 2)
                              syn match luaSymbolOperator "[#<>=~^*/%+-]\|\.\{2,3}"
                            else
                              syn match luaSymbolOperator "[<>=~^*/+-]\|\.\{2,3}"
    1              0.000000 endif
                            
                            " comments
    1              0.000002 syn keyword luaTodo            contained TODO FIXME XXX
    1              0.000004 syn match   luaComment         "--.*$" contains=luaTodo,@Spell
    1              0.000003 if lua_version == 5 && lua_subversion == 0
                              syn region luaComment        matchgroup=luaCommentDelimiter start="--\[\[" end="\]\]" contains=luaTodo,luaInnerComment,@Spell
                              syn region luaInnerComment   contained transparent start="\[\[" end="\]\]"
    1              0.000001 elseif lua_version > 5 || (lua_version == 5 && lua_subversion >= 1)
                              " Comments in Lua 5.1: --[[ ... ]], [=[ ... ]=], [===[ ... ]===], etc.
    1              0.000004   syn region luaComment        matchgroup=luaCommentDelimiter start="--\[\z(=*\)\[" end="\]\z1\]" contains=luaTodo,@Spell
    1              0.000000 endif
                            
                            " first line may start with #!
    1              0.000002 syn match luaComment "\%^#!.*"
                            
    1              0.000001 syn keyword luaConstant nil
    1              0.000001 if lua_version > 4
    1              0.000002   syn keyword luaConstant true false
    1              0.000000 endif
                            
                            " strings
    1              0.000004 syn match  luaSpecial contained #\\[\\abfnrtv'"[\]]\|\\[[:digit:]]\{,3}#
    1              0.000001 if lua_version == 5
    1              0.000001   if lua_subversion == 0
                                syn region luaString2 matchgroup=luaStringDelimiter start=+\[\[+ end=+\]\]+ contains=luaString2,@Spell
    1              0.000000   else
    1              0.000001     if lua_subversion >= 2
    1              0.000002       syn match  luaSpecial contained #\\z\|\\x[[:xdigit:]]\{2}#
    1              0.000000     endif
    1              0.000001     if lua_subversion >= 3
    1              0.000004       syn match  luaSpecial contained #\\u{[[:xdigit:]]\+}#
    1              0.000000     endif
    1              0.000003     syn region luaString2 matchgroup=luaStringDelimiter start="\[\z(=*\)\[" end="\]\z1\]" contains=@Spell
    1              0.000000   endif
    1              0.000000 endif
    1              0.000004 syn region luaString matchgroup=luaStringDelimiter start=+'+ end=+'+ skip=+\\\\\|\\'+ contains=luaSpecial,@Spell
    1              0.000003 syn region luaString matchgroup=luaStringDelimiter start=+"+ end=+"+ skip=+\\\\\|\\"+ contains=luaSpecial,@Spell
                            
                            " integer number
    1              0.000002 syn match luaNumber "\<\d\+\>"
                            " floating point number, with dot, optional exponent
    1              0.000003 syn match luaNumber  "\<\d\+\.\d*\%([eE][-+]\=\d\+\)\="
                            " floating point number, starting with a dot, optional exponent
    1              0.000004 syn match luaNumber  "\.\d\+\%([eE][-+]\=\d\+\)\=\>"
                            " floating point number, without dot, with exponent
    1              0.000002 syn match luaNumber  "\<\d\+[eE][-+]\=\d\+\>"
                            
                            " hex numbers
    1              0.000001 if lua_version >= 5
    1              0.000001   if lua_subversion == 1
                                syn match luaNumber "\<0[xX]\x\+\>"
    1              0.000001   elseif lua_subversion >= 2
    1              0.000004     syn match luaNumber "\<0[xX][[:xdigit:].]\+\%([pP][-+]\=\d\+\)\=\>"
    1              0.000000   endif
    1              0.000000 endif
                            
                            " tables
    1              0.000004 syn region luaTableBlock transparent matchgroup=luaTable start="{" end="}" contains=TOP,luaStatement
                            
                            " methods
    1              0.000003 syntax match luaFunc ":\@<=\k\+"
                            
                            " built-in functions
    1              0.000002 syn keyword luaFunc assert collectgarbage dofile error next
    1              0.000002 syn keyword luaFunc print rawget rawset self tonumber tostring type _VERSION
                            
    1              0.000001 if lua_version == 4
                              syn keyword luaFunc _ALERT _ERRORMESSAGE gcinfo
                              syn keyword luaFunc call copytagmethods dostring
                              syn keyword luaFunc foreach foreachi getglobal getn
                              syn keyword luaFunc gettagmethod globals newtag
                              syn keyword luaFunc setglobal settag settagmethod sort
                              syn keyword luaFunc tag tinsert tremove
                              syn keyword luaFunc _INPUT _OUTPUT _STDIN _STDOUT _STDERR
                              syn keyword luaFunc openfile closefile flush seek
                              syn keyword luaFunc setlocale execute remove rename tmpname
                              syn keyword luaFunc getenv date clock exit
                              syn keyword luaFunc readfrom writeto appendto read write
                              syn keyword luaFunc PI abs sin cos tan asin
                              syn keyword luaFunc acos atan atan2 ceil floor
                              syn keyword luaFunc mod frexp ldexp sqrt min max log
                              syn keyword luaFunc log10 exp deg rad random
                              syn keyword luaFunc randomseed strlen strsub strlower strupper
                              syn keyword luaFunc strchar strrep ascii strbyte
                              syn keyword luaFunc format strfind gsub
                              syn keyword luaFunc getinfo getlocal setlocal setcallhook setlinehook
    1              0.000001 elseif lua_version == 5
    1              0.000001   syn keyword luaFunc getmetatable setmetatable
    1              0.000001   syn keyword luaFunc ipairs pairs
    1              0.000001   syn keyword luaFunc pcall xpcall
    1              0.000001   syn keyword luaFunc _G loadfile rawequal require
    1              0.000001   if lua_subversion == 0
                                syn keyword luaFunc getfenv setfenv
                                syn keyword luaFunc loadstring unpack
                                syn keyword luaFunc gcinfo loadlib LUA_PATH _LOADED _REQUIREDNAME
    1              0.000000   else
    1              0.000001     syn keyword luaFunc load select
    1              0.000002     syn match   luaFunc /\<package\.cpath\>/
    1              0.000002     syn match   luaFunc /\<package\.loaded\>/
    1              0.000002     syn match   luaFunc /\<package\.loadlib\>/
    1              0.000003     syn match   luaFunc /\<package\.path\>/
    1              0.000002     syn match   luaFunc /\<package\.preload\>/
    1              0.000001     if lua_subversion == 1
                                  syn keyword luaFunc getfenv setfenv
                                  syn keyword luaFunc loadstring module unpack
                                  syn match   luaFunc /\<package\.loaders\>/
                                  syn match   luaFunc /\<package\.seeall\>/
    1              0.000001     elseif lua_subversion >= 2
    1              0.000001       syn keyword luaFunc _ENV rawlen
    1              0.000002       syn match   luaFunc /\<package\.config\>/
    1              0.000002       syn match   luaFunc /\<package\.preload\>/
    1              0.000002       syn match   luaFunc /\<package\.searchers\>/
    1              0.000002       syn match   luaFunc /\<package\.searchpath\>/
    1              0.000000     endif
                            
    1              0.000001     if lua_subversion >= 3
    1              0.000002       syn match luaFunc /\<coroutine\.isyieldable\>/
    1              0.000000     endif
    1              0.000001     if lua_subversion >= 4
                                  syn keyword luaFunc warn
                                  syn match luaFunc /\<coroutine\.close\>/
    1              0.000000     endif
    1              0.000003     syn match luaFunc /\<coroutine\.running\>/
    1              0.000000   endif
    1              0.000002   syn match   luaFunc /\<coroutine\.create\>/
    1              0.000002   syn match   luaFunc /\<coroutine\.resume\>/
    1              0.000003   syn match   luaFunc /\<coroutine\.status\>/
    1              0.000002   syn match   luaFunc /\<coroutine\.wrap\>/
    1              0.000002   syn match   luaFunc /\<coroutine\.yield\>/
                            
    1              0.000002   syn match   luaFunc /\<string\.byte\>/
    1              0.000002   syn match   luaFunc /\<string\.char\>/
    1              0.000004   syn match   luaFunc /\<string\.dump\>/
    1              0.000002   syn match   luaFunc /\<string\.find\>/
    1              0.000003   syn match   luaFunc /\<string\.format\>/
    1              0.000002   syn match   luaFunc /\<string\.gsub\>/
    1              0.000002   syn match   luaFunc /\<string\.len\>/
    1              0.000002   syn match   luaFunc /\<string\.lower\>/
    1              0.000002   syn match   luaFunc /\<string\.rep\>/
    1              0.000002   syn match   luaFunc /\<string\.sub\>/
    1              0.000003   syn match   luaFunc /\<string\.upper\>/
    1              0.000001   if lua_subversion == 0
                                syn match luaFunc /\<string\.gfind\>/
    1              0.000000   else
    1              0.000003     syn match luaFunc /\<string\.gmatch\>/
    1              0.000002     syn match luaFunc /\<string\.match\>/
    1              0.000002     syn match luaFunc /\<string\.reverse\>/
    1              0.000000   endif
    1              0.000001   if lua_subversion >= 3
    1              0.000002     syn match luaFunc /\<string\.pack\>/
    1              0.000002     syn match luaFunc /\<string\.packsize\>/
    1              0.000002     syn match luaFunc /\<string\.unpack\>/
    1              0.000002     syn match luaFunc /\<utf8\.char\>/
    1              0.000003     syn match luaFunc /\<utf8\.charpattern\>/
    1              0.000003     syn match luaFunc /\<utf8\.codes\>/
    1              0.000002     syn match luaFunc /\<utf8\.codepoint\>/
    1              0.000002     syn match luaFunc /\<utf8\.len\>/
    1              0.000003     syn match luaFunc /\<utf8\.offset\>/
    1              0.000000   endif
                            
    1              0.000001   if lua_subversion == 0
                                syn match luaFunc /\<table\.getn\>/
                                syn match luaFunc /\<table\.setn\>/
                                syn match luaFunc /\<table\.foreach\>/
                                syn match luaFunc /\<table\.foreachi\>/
    1              0.000001   elseif lua_subversion == 1
                                syn match luaFunc /\<table\.maxn\>/
    1              0.000001   elseif lua_subversion >= 2
    1              0.000002     syn match luaFunc /\<table\.pack\>/
    1              0.000002     syn match luaFunc /\<table\.unpack\>/
    1              0.000001     if lua_subversion >= 3
    1              0.000002       syn match luaFunc /\<table\.move\>/
    1              0.000000     endif
    1              0.000000   endif
    1              0.000006   syn match   luaFunc /\<table\.concat\>/
    1              0.000002   syn match   luaFunc /\<table\.insert\>/
    1              0.000002   syn match   luaFunc /\<table\.sort\>/
    1              0.000002   syn match   luaFunc /\<table\.remove\>/
                            
    1              0.000001   if lua_subversion == 2
                                syn match   luaFunc /\<bit32\.arshift\>/
                                syn match   luaFunc /\<bit32\.band\>/
                                syn match   luaFunc /\<bit32\.bnot\>/
                                syn match   luaFunc /\<bit32\.bor\>/
                                syn match   luaFunc /\<bit32\.btest\>/
                                syn match   luaFunc /\<bit32\.bxor\>/
                                syn match   luaFunc /\<bit32\.extract\>/
                                syn match   luaFunc /\<bit32\.lrotate\>/
                                syn match   luaFunc /\<bit32\.lshift\>/
                                syn match   luaFunc /\<bit32\.replace\>/
                                syn match   luaFunc /\<bit32\.rrotate\>/
                                syn match   luaFunc /\<bit32\.rshift\>/
    1              0.000000   endif
                            
    1              0.000003   syn match   luaFunc /\<math\.abs\>/
    1              0.000002   syn match   luaFunc /\<math\.acos\>/
    1              0.000003   syn match   luaFunc /\<math\.asin\>/
    1              0.000002   syn match   luaFunc /\<math\.atan\>/
    1              0.000001   if lua_subversion < 3
                                syn match   luaFunc /\<math\.atan2\>/
    1              0.000000   endif
    1              0.000003   syn match   luaFunc /\<math\.ceil\>/
    1              0.000003   syn match   luaFunc /\<math\.sin\>/
    1              0.000002   syn match   luaFunc /\<math\.cos\>/
    1              0.000002   syn match   luaFunc /\<math\.tan\>/
    1              0.000002   syn match   luaFunc /\<math\.deg\>/
    1              0.000002   syn match   luaFunc /\<math\.exp\>/
    1              0.000002   syn match   luaFunc /\<math\.floor\>/
    1              0.000002   syn match   luaFunc /\<math\.log\>/
    1              0.000002   syn match   luaFunc /\<math\.max\>/
    1              0.000002   syn match   luaFunc /\<math\.min\>/
    1              0.000001   if lua_subversion == 0
                                syn match luaFunc /\<math\.mod\>/
                                syn match luaFunc /\<math\.log10\>/
    1              0.000001   elseif lua_subversion == 1
                                syn match luaFunc /\<math\.log10\>/
    1              0.000000   endif
    1              0.000001   if lua_subversion >= 1
    1              0.000002     syn match luaFunc /\<math\.huge\>/
    1              0.000002     syn match luaFunc /\<math\.fmod\>/
    1              0.000002     syn match luaFunc /\<math\.modf\>/
    1              0.000001     if lua_subversion == 1 || lua_subversion == 2
                                  syn match luaFunc /\<math\.cosh\>/
                                  syn match luaFunc /\<math\.sinh\>/
                                  syn match luaFunc /\<math\.tanh\>/
    1              0.000000     endif
    1              0.000000   endif
    1              0.000002   syn match   luaFunc /\<math\.rad\>/
    1              0.000002   syn match   luaFunc /\<math\.sqrt\>/
    1              0.000001   if lua_subversion < 3
                                syn match   luaFunc /\<math\.pow\>/
                                syn match   luaFunc /\<math\.frexp\>/
                                syn match   luaFunc /\<math\.ldexp\>/
    1              0.000000   else
    1              0.000004     syn match   luaFunc /\<math\.maxinteger\>/
    1              0.000002     syn match   luaFunc /\<math\.mininteger\>/
    1              0.000002     syn match   luaFunc /\<math\.tointeger\>/
    1              0.000002     syn match   luaFunc /\<math\.type\>/
    1              0.000002     syn match   luaFunc /\<math\.ult\>/
    1              0.000000   endif
    1              0.000002   syn match   luaFunc /\<math\.random\>/
    1              0.000002   syn match   luaFunc /\<math\.randomseed\>/
    1              0.000002   syn match   luaFunc /\<math\.pi\>/
                            
    1              0.000002   syn match   luaFunc /\<io\.close\>/
    1              0.000002   syn match   luaFunc /\<io\.flush\>/
    1              0.000002   syn match   luaFunc /\<io\.input\>/
    1              0.000002   syn match   luaFunc /\<io\.lines\>/
    1              0.000002   syn match   luaFunc /\<io\.open\>/
    1              0.000002   syn match   luaFunc /\<io\.output\>/
    1              0.000002   syn match   luaFunc /\<io\.popen\>/
    1              0.000003   syn match   luaFunc /\<io\.read\>/
    1              0.000002   syn match   luaFunc /\<io\.stderr\>/
    1              0.000002   syn match   luaFunc /\<io\.stdin\>/
    1              0.000002   syn match   luaFunc /\<io\.stdout\>/
    1              0.000002   syn match   luaFunc /\<io\.tmpfile\>/
    1              0.000002   syn match   luaFunc /\<io\.type\>/
    1              0.000002   syn match   luaFunc /\<io\.write\>/
                            
    1              0.000002   syn match   luaFunc /\<os\.clock\>/
    1              0.000003   syn match   luaFunc /\<os\.date\>/
    1              0.000002   syn match   luaFunc /\<os\.difftime\>/
    1              0.000002   syn match   luaFunc /\<os\.execute\>/
    1              0.000004   syn match   luaFunc /\<os\.exit\>/
    1              0.000002   syn match   luaFunc /\<os\.getenv\>/
    1              0.000002   syn match   luaFunc /\<os\.remove\>/
    1              0.000002   syn match   luaFunc /\<os\.rename\>/
    1              0.000002   syn match   luaFunc /\<os\.setlocale\>/
    1              0.000004   syn match   luaFunc /\<os\.time\>/
    1              0.000002   syn match   luaFunc /\<os\.tmpname\>/
                            
    1              0.000005   syn match   luaFunc /\<debug\.debug\>/
    1              0.000004   syn match   luaFunc /\<debug\.gethook\>/
    1              0.000003   syn match   luaFunc /\<debug\.getinfo\>/
    1              0.000004   syn match   luaFunc /\<debug\.getlocal\>/
    1              0.000005   syn match   luaFunc /\<debug\.getupvalue\>/
    1              0.000003   syn match   luaFunc /\<debug\.setlocal\>/
    1              0.000003   syn match   luaFunc /\<debug\.setupvalue\>/
    1              0.000003   syn match   luaFunc /\<debug\.sethook\>/
    1              0.000003   syn match   luaFunc /\<debug\.traceback\>/
    1              0.000002   if lua_subversion == 1
                                syn match luaFunc /\<debug\.getfenv\>/
                                syn match luaFunc /\<debug\.setfenv\>/
    1              0.000001   endif
    1              0.000001   if lua_subversion >= 1
    1              0.000010     syn match luaFunc /\<debug\.getmetatable\>/
    1              0.000004     syn match luaFunc /\<debug\.setmetatable\>/
    1              0.000004     syn match luaFunc /\<debug\.getregistry\>/
    1              0.000001     if lua_subversion >= 2
    1              0.000003       syn match luaFunc /\<debug\.getuservalue\>/
    1              0.000004       syn match luaFunc /\<debug\.setuservalue\>/
    1              0.000004       syn match luaFunc /\<debug\.upvalueid\>/
    1              0.000005       syn match luaFunc /\<debug\.upvaluejoin\>/
    1              0.000001     endif
    1              0.000001     if lua_subversion >= 4
                                  syn match luaFunc /\<debug.setcstacklimit\>/
    1              0.000001     endif
    1              0.000000   endif
    1              0.000000 endif
                            
                            " Define the default highlighting.
                            " Only when an item doesn't have highlighting yet
                            
    1              0.000002 hi def link luaStatement        Statement
    1              0.000001 hi def link luaRepeat           Repeat
    1              0.000001 hi def link luaFor              Repeat
    1              0.000001 hi def link luaString           String
    1              0.000001 hi def link luaString2          String
    1              0.000001 hi def link luaStringDelimiter  luaString
    1              0.000001 hi def link luaNumber           Number
    1              0.000001 hi def link luaOperator         Operator
    1              0.000001 hi def link luaSymbolOperator   luaOperator
    1              0.000001 hi def link luaConstant         Constant
    1              0.000001 hi def link luaCond             Conditional
    1              0.000001 hi def link luaCondElse         Conditional
    1              0.000003 hi def link luaFunction         Function
    1              0.000001 hi def link luaMetaMethod       Function
    1              0.000001 hi def link luaComment          Comment
    1              0.000001 hi def link luaCommentDelimiter luaComment
    1              0.000001 hi def link luaTodo             Todo
    1              0.000003 hi def link luaTable            Structure
    1              0.000001 hi def link luaError            Error
    1              0.000001 hi def link luaParenError       Error
    1              0.000001 hi def link luaSpecial          SpecialChar
    1              0.000001 hi def link luaFunc             Identifier
    1              0.000001 hi def link luaLabel            Label
                            
                            
    1              0.000002 let b:current_syntax = "lua"
                            
    1   0.000030   0.000006 let &cpo = s:cpo_save
    1              0.000002 unlet s:cpo_save
                            " vim: et ts=8 sw=2

FUNCTION  1()
    Defined: /usr/share/nvim/runtime/autoload/provider/clipboard.vim:22
Called 4 times
Total time:   0.000118
 Self time:   0.000118

count  total (s)   self (s)
                              " At this point this nvim instance might already have launched
                              " a new provider instance. Don't drop ownership in this case.
    4              0.000027   if self.owner == a:jobid
    4              0.000024     let self.owner = 0
    4              0.000004   endif
                              " Don't print if exit code is >= 128 ( exit is 128+SIGNUM if by signal (e.g. 143 on SIGTERM))
    4              0.000007   if a:data > 0 && a:data < 128
                                echohl WarningMsg
                                echomsg 'clipboard: error invoking '.get(self.argv, 0, '?').': '.join(self.stderr)
                                echohl None
    4              0.000002   endif

FUNCTION  3()
    Defined: /usr/share/nvim/runtime/autoload/provider/clipboard.vim:286
Called 4 times
Total time:   0.016758
 Self time:   0.016758

count  total (s)   self (s)
    4              0.000017   if a:reg == '"'
                                call s:clipboard.set(a:lines,a:regtype,'+')
                                if s:copy['*'] != s:copy['+']
                                  call s:clipboard.set(a:lines,a:regtype,'*')
                                end
                                return 0
    4              0.000002   end
                            
    4              0.000025   if s:cache_enabled == 0 || type(s:copy[a:reg]) == v:t_func
                                if type(s:copy[a:reg]) == v:t_func
                                  call s:copy[a:reg](a:lines, a:regtype)
                                else
                                  call s:try_cmd(s:copy[a:reg], a:lines)
                                endif
                                "Cache it anyway we can compare it later to get regtype of the yank
                                let s:selections[a:reg] = copy(s:selection)
                                let s:selections[a:reg].data = [a:lines, a:regtype]
                                return 0
    4              0.000002   end
                            
    4              0.000015   if s:selections[a:reg].owner > 0
                                let prev_job = s:selections[a:reg].owner
    4              0.000002   end
    4              0.000049   let s:selections[a:reg] = copy(s:selection)
    4              0.000011   let selection = s:selections[a:reg]
    4              0.000012   let selection.data = [a:lines, a:regtype]
    4              0.000011   let selection.argv = s:copy[a:reg]
    4              0.000007   let selection.detach = s:cache_enabled
    4              0.000011   let selection.cwd = "/"
    4              0.016244   let jobid = jobstart(selection.argv, selection)
    4              0.000020   if jobid > 0
    4              0.000054     call jobsend(jobid, a:lines)
    4              0.000013     call jobclose(jobid, 'stdin')
                                " xclip does not close stdout when receiving input via stdin
    4              0.000011     if selection.argv[0] ==# 'xclip'
                                  call jobclose(jobid, 'stdout')
    4              0.000003     endif
    4              0.000013     let selection.owner = jobid
    4              0.000004     let ret = 1
                              else
                                echohl WarningMsg
                                echomsg 'clipboard: failed to execute: '.(s:copy[a:reg])
                                echohl None
                                let ret = 1
    4              0.000002   endif
                            
                              " The previous provider instance should exit when the new one takes
                              " ownership, but kill it to be sure we don't fill up the job table.
    4              0.000018   if exists('prev_job')
                                call timer_start(1000, {... -> jobwait([prev_job], 0)[0] == -1 && jobstop(prev_job)})
    4              0.000002   endif
                            
    4              0.000011   return ret

FUNCTION  <SNR>32_Highlight_Matching_Pair()
    Defined: /usr/share/nvim/runtime/plugin/matchparen.vim:45
Called 500 times
Total time:   0.101223
 Self time:   0.094063

count  total (s)   self (s)
  500              0.003238   if !exists("w:matchparen_ids")
                                let w:matchparen_ids = []
  500              0.000481   endif
                              " Remove any previous match.
  500   0.011032   0.003872   call s:Remove_Matches()
                            
                              " Avoid that we remove the popup menu.
                              " Return when there are no colors (looks like the cursor jumps).
  500              0.002190   if pumvisible() || (&t_Co < 8 && !has("gui_running"))
                                return
  500              0.000218   endif
                            
                              " Get the character under the cursor and check if it's in 'matchpairs'.
  500              0.001420   let c_lnum = line('.')
  500              0.001089   let c_col = col('.')
  500              0.000452   let before = 0
                            
  500              0.001323   let text = getline(c_lnum)
  500              0.002778   let c_before = text->strpart(0, c_col - 1)->slice(-1)
  500              0.001410   let c = text->strpart(c_col - 1)->slice(0, 1)
  500              0.007314   let plist = split(&matchpairs, '.\zs[:,]')
  500              0.001360   let i = index(plist, c)
  500              0.000480   if i < 0
                                " not found, in Insert mode try character before the cursor
  417              0.001171     if c_col > 1 && (mode() == 'i' || mode() == 'R')
  153              0.000303       let before = strlen(c_before)
  153              0.000139       let c = c_before
  153              0.000231       let i = index(plist, c)
  417              0.000192     endif
  417              0.000346     if i < 0
                                  " not found, nothing to do
  413              0.000364       return
    4              0.000001     endif
   87              0.000031   endif
                            
                              " Figure out the arguments for searchpairpos().
   87              0.000088   if i % 2 == 0
   19              0.000043     let s_flags = 'nW'
   19              0.000048     let c2 = plist[i + 1]
   68              0.000037   else
   68              0.000067     let s_flags = 'nbW'
   68              0.000065     let c2 = c
   68              0.000117     let c = plist[i - 1]
   87              0.000038   endif
   87              0.000174   if c == '['
                                let c = '\['
                                let c2 = '\]'
   87              0.000028   endif
                            
                              " Find the match.  When it was just before the cursor move it there for a
                              " moment.
   87              0.000078   if before > 0
    4              0.000008     let save_cursor = getcurpos()
    4              0.000008     call cursor(c_lnum, c_col - before)
    4              0.000010     defer setpos('.', save_cursor)
   87              0.000034   endif
                            
   87              0.000421   if !has("syntax") || !exists("g:syntax_on")
                                let s_skip = "0"
   87              0.000277   elseif exists("b:ts_highlight") && &syntax != 'on'
   87              0.000353     let s_skip = "match(v:lua.vim.treesitter.get_captures_at_cursor(), '" .. 'string\|character\|singlequote\|escape\|symbol\|comment' .. "') != -1"
                              else
                                " do not attempt to match when the syntax item where the cursor is
                                " indicates there does not exist a matching parenthesis, e.g. for shells
                                " case statement: "case $var in foobar)"
                                "
                                " add the check behind a filetype check, so it only needs to be
                                " evaluated for certain filetypes
                                if ['sh']->index(&filetype) >= 0 && synstack(".", col("."))->indexof({_, id -> synIDattr(id, "name") =~? "shSnglCase"}) >= 0
                                  return
                                endif
                                " Build an expression that detects whether the current cursor position is
                                " in certain syntax types (string, comment, etc.), for use as
                                " searchpairpos()'s skip argument.
                                " We match "escape" for special items, such as lispEscapeSpecial, and
                                " match "symbol" for lispBarSymbol.
                                let s_skip = 'synstack(".", col("."))' . '->indexof({_, id -> synIDattr(id, "name") =~? ' . '"string\\|character\\|singlequote\\|escape\\|symbol\\|comment"}) >= 0'
                                " If executing the expression determines that the cursor is currently in
                                " one of the syntax types, then we want searchpairpos() to find the pair
                                " within those syntax types (i.e., not skip).  Otherwise, the cursor is
                                " outside of the syntax types and s_skip should keep its value so we skip
                                " any matching pair inside the syntax types.
                                " Catch if this throws E363: pattern uses more memory than 'maxmempattern'.
                                try
                                  execute 'if ' . s_skip . ' | let s_skip = "0" | endif'
                                catch /^Vim\%((\a\+)\)\=:E363/
                                  " We won't find anything, so skip searching, should keep Vim responsive.
                                  return
                                endtry
   87              0.000038   endif
                            
                              " Limit the search to lines visible in the window.
   87              0.000577   let stoplinebottom = line('w$')
   87              0.000136   let stoplinetop = line('w0')
   87              0.000089   if i % 2 == 0
   19              0.000049     let stopline = stoplinebottom
   68              0.000027   else
   68              0.000101     let stopline = stoplinetop
   87              0.000033   endif
                            
                              " Limit the search time to 300 msec to avoid a hang on very long lines.
                              " This fails when a timeout is not supported.
   87              0.000175   if mode() == 'i' || mode() == 'R'
   47              0.000206     let timeout = exists("b:matchparen_insert_timeout") ? b:matchparen_insert_timeout : g:matchparen_insert_timeout
   40              0.000017   else
   40              0.000173     let timeout = exists("b:matchparen_timeout") ? b:matchparen_timeout : g:matchparen_timeout
   87              0.000034   endif
   87              0.000043   try
   87              0.046153     let [m_lnum, m_col] = searchpairpos(c, '', c2, s_flags, s_skip, stopline, timeout)
                              catch /E118/
                                " Can't use the timeout, restrict the stopline a bit more to avoid taking
                                " a long time on closed folds and long lines.
                                " The "viewable" variables give a range in which we can scroll while
                                " keeping the cursor at the same position.
                                " adjustedScrolloff accounts for very large numbers of scrolloff.
                                let adjustedScrolloff = min([&scrolloff, (line('w$') - line('w0')) / 2])
                                let bottom_viewable = min([line('$'), c_lnum + &lines - adjustedScrolloff - 2])
                                let top_viewable = max([1, c_lnum-&lines+adjustedScrolloff + 2])
                                " one of these stoplines will be adjusted below, but the current values are
                                " minimal boundaries within the current window
                                if i % 2 == 0
                                  if has("byte_offset") && has("syntax_items") && &smc > 0
                            	let stopbyte = min([line2byte("$"), line2byte(".") + col(".") + &smc * 2])
                            	let stopline = min([bottom_viewable, byte2line(stopbyte)])
                                  else
                            	let stopline = min([bottom_viewable, c_lnum + 100])
                                  endif
                                  let stoplinebottom = stopline
                                else
                                  if has("byte_offset") && has("syntax_items") && &smc > 0
                            	let stopbyte = max([1, line2byte(".") + col(".") - &smc * 2])
                            	let stopline = max([top_viewable, byte2line(stopbyte)])
                                  else
                            	let stopline = max([top_viewable, c_lnum - 100])
                                  endif
                                  let stoplinetop = stopline
                                endif
                                let [m_lnum, m_col] = searchpairpos(c, '', c2, s_flags, s_skip, stopline)
   87              0.000066   endtry
                            
                              " If a match is found setup match highlighting.
   87              0.000193   if m_lnum > 0 && m_lnum >= stoplinetop && m_lnum <= stoplinebottom
   82              0.000113     if !g:matchparen_disable_cursor_hl
   82              0.000610       call add(w:matchparen_ids, matchaddpos('MatchParen', [[c_lnum, c_col - before], [m_lnum, m_col]], 10))
                                else
                                  call add(w:matchparen_ids, matchaddpos('MatchParen', [[m_lnum, m_col]], 10))
   82              0.000029     endif
   82              0.000090     let w:paren_hl_on = 1
   87              0.000032   endif

FUNCTION  GetLuaIndent()
    Defined: /usr/share/nvim/runtime/indent/lua.vim:30
Called 8 times
Total time:   0.002180
 Self time:   0.000359

count  total (s)   self (s)
    8              0.000103     let ignorecase_save = &ignorecase
    8              0.000014   try
    8   0.000610   0.000089     let &ignorecase = 0
    8   0.000868   0.000070     return GetLuaIndentIntern()
    8              0.000009   finally
    8   0.000536   0.000033     let &ignorecase = ignorecase_save
    8              0.000010   endtry

FUNCTION  provider#clipboard#Call()
    Defined: /usr/share/nvim/runtime/autoload/provider/clipboard.vim:344
Called 4 times
Total time:   0.017048
 Self time:   0.000290

count  total (s)   self (s)
    4              0.000068   if get(s:, 'here', v:false)  " Clipboard provider must not recurse. #7184
                                return 0
    4              0.000005   endif
    4              0.000017   let s:here = v:true
    4              0.000005   try
    4   0.016894   0.000136     return call(s:clipboard[a:method],a:args,s:clipboard)
    4              0.000011   finally
    4              0.000009     let s:here = v:false
    4              0.000004   endtry

FUNCTION  <SNR>6_SynSet()
    Defined: /usr/share/nvim/runtime/syntax/synload.vim:27
Called 9 times
Total time:   0.008006
 Self time:   0.008006

count  total (s)   self (s)
                              " clear syntax for :set syntax=OFF  and any syntax name that doesn't exist
    9              0.000065   syn clear
    9              0.000024   if exists("b:current_syntax")
                                unlet b:current_syntax
    9              0.000006   endif
                            
    9              0.000040   0verbose let s = expand("<amatch>")
    9              0.000015   if s == "ON"
                                " :set syntax=ON
                                if &filetype == ""
                                  echohl ErrorMsg
                                  echo "filetype unknown"
                                  echohl None
                                endif
                                let s = &filetype
    9              0.000009   elseif s == "OFF"
                                let s = ""
    9              0.000003   endif
                            
    9              0.000006   if s != ""
                                " Load the syntax file(s).  When there are several, separated by dots,
                                " load each in sequence.  Skip empty entries.
   10              0.000049     for name in split(s, '\.')
    5              0.000010       if !empty(name)
                                    " XXX: "[.]" in the first pattern makes it a wildcard on Windows
    5              0.007604         exe $'runtime! syntax/{name}[.]{{vim,lua}} syntax/{name}/*.{{vim,lua}}'
    5              0.000005       endif
   10              0.000006     endfor
    9              0.000004   endif

FUNCTION  <SNR>1_LoadFTPlugin()
    Defined: /usr/share/nvim/runtime/ftplugin.vim:15
Called 5 times
Total time:   0.009307
 Self time:   0.009307

count  total (s)   self (s)
    5              0.000033     if exists("b:undo_ftplugin")
                                  exe b:undo_ftplugin
                                  unlet! b:undo_ftplugin b:did_ftplugin
    5              0.000006     endif
                            
    5              0.000023     let s = expand("<amatch>")
    5              0.000013     if s != ""
    5              0.000036       if &cpo =~# "S" && exists("b:did_ftplugin")
                            	" In compatible mode options are reset to the global values, need to
                            	" set the local values also when a plugin was already used.
                            	unlet b:did_ftplugin
    5              0.000003       endif
                            
                                  " When there is a dot it is used to separate filetype names.  Thus for
                                  " "aaa.bbb" load "aaa" and then "bbb".
   10              0.000038       for name in split(s, '\.')
                                    " Load Lua ftplugins after Vim ftplugins _per directory_
                                    " TODO(clason): use nvim__get_runtime when supports globs and modeline
                                    " XXX: "[.]" in the first pattern makes it a wildcard on Windows
    5              0.009053         exe $'runtime! ftplugin/{name}[.]{{vim,lua}} ftplugin/{name}_*.{{vim,lua}} ftplugin/{name}/*.{{vim,lua}}'
   10              0.000016       endfor
    5              0.000004     endif

FUNCTION  <SNR>2_LoadIndent()
    Defined: /usr/share/nvim/runtime/indent.vim:14
Called 5 times
Total time:   0.002084
 Self time:   0.002084

count  total (s)   self (s)
    5              0.000018     if exists("b:undo_indent")
                                  exe b:undo_indent
                                  unlet! b:undo_indent b:did_indent
    5              0.000003     endif
    5              0.000015     let s = expand("<amatch>")
    5              0.000009     if s != ""
    5              0.000006       if exists("b:did_indent")
                            	unlet b:did_indent
    5              0.000002       endif
                            
                                  " When there is a dot it is used to separate filetype names.  Thus for
                                  " "aaa.bbb" load "indent/aaa.vim" and then "indent/bbb.vim".
   10              0.000018       for name in split(s, '\.')
                                    " XXX: "[.]" in the pattern makes it a wildcard on Windows
    5              0.001971         exe $'runtime! indent/{name}[.]{{vim,lua}}'
   10              0.000006       endfor
    5              0.000002     endif

FUNCTION  <SNR>32_Remove_Matches()
    Defined: /usr/share/nvim/runtime/plugin/matchparen.vim:203
Called 500 times
Total time:   0.007160
 Self time:   0.007160

count  total (s)   self (s)
  500              0.001548   if exists('w:paren_hl_on') && w:paren_hl_on
  164              0.000338     while !empty(w:matchparen_ids)
   82              0.000524       silent! call remove(w:matchparen_ids, 0)->matchdelete()
  164              0.000129     endwhile
   82              0.000158     let w:paren_hl_on = 0
  500              0.000217   endif

FUNCTION  GetLuaIndentIntern()
    Defined: /usr/share/nvim/runtime/indent/lua.vim:40
Called 8 times
Total time:   0.000798
 Self time:   0.000798

count  total (s)   self (s)
                              " Find a non-blank line above the current line.
    8              0.000047   let prevlnum = prevnonblank(v:lnum - 1)
                            
                              " Hit the start of the file, use zero indent.
    8              0.000017   if prevlnum == 0
                                return 0
    8              0.000006   endif
                            
                              " Add a 'shiftwidth' after lines that start a block:
                              " 'function', 'if', 'for', 'while', 'repeat', 'else', 'elseif', '{', '('
    8              0.000020   let ind = indent(prevlnum)
    8              0.000020   let prevline = getline(prevlnum)
    8              0.000167   let midx = match(prevline, '^\s*\%(if\>\|for\>\|while\>\|repeat\>\|else\>\|elseif\>\|do\>\|then\>\)')
    8              0.000012   if midx == -1
    8              0.000109     let midx = match(prevline, '\%({\|(\)\s*\%(--\%([^[].*\)\?\)\?$')
    8              0.000007     if midx == -1
    8              0.000055       let midx = match(prevline, '\<function\>\s*\%(\k\|[.:]\)\{-}\s*(')
    8              0.000004     endif
    8              0.000002   endif
                            
    8              0.000006   if midx != -1
                                " Add 'shiftwidth' if what we found previously is not in a comment and
                                " an "end" or "until" is not present on the same line.
    2              0.000038     if synIDattr(synID(prevlnum, midx + 1, 1), "name") != "luaComment" && prevline !~ '\<end\>\|\<until\>'
    2              0.000004       let ind = ind + shiftwidth()
    2              0.000001     endif
    8              0.000003   endif
                            
                              " Subtract a 'shiftwidth' on end, else, elseif, until, '}' and ')'
                              " This is the part that requires 'indentkeys'.
    8              0.000104   let midx = match(getline(v:lnum), '^\s*\%(end\>\|else\>\|elseif\>\|until\>\|}\|)\)')
    8              0.000023   if midx != -1 && synIDattr(synID(v:lnum, midx + 1, 1), "name") != "luaComment"
                                let ind = ind - shiftwidth()
    8              0.000003   endif
                            
    8              0.000010   return ind

FUNCTIONS SORTED ON TOTAL TIME
count  total (s)   self (s)  function
  500   0.101223   0.094063  <SNR>32_Highlight_Matching_Pair()
    4   0.017048   0.000290  provider#clipboard#Call()
    4   0.016758             3()
    5   0.009307             <SNR>1_LoadFTPlugin()
    9   0.008006             <SNR>6_SynSet()
  500   0.007160             <SNR>32_Remove_Matches()
    8   0.002180   0.000359  GetLuaIndent()
    5   0.002084             <SNR>2_LoadIndent()
    8   0.000798             GetLuaIndentIntern()
    4   0.000118             1()

FUNCTIONS SORTED ON SELF TIME
count  total (s)   self (s)  function
  500   0.101223   0.094063  <SNR>32_Highlight_Matching_Pair()
    4              0.016758  3()
    5              0.009307  <SNR>1_LoadFTPlugin()
    9              0.008006  <SNR>6_SynSet()
  500              0.007160  <SNR>32_Remove_Matches()
    5              0.002084  <SNR>2_LoadIndent()
    8              0.000798  GetLuaIndentIntern()
    8   0.002180   0.000359  GetLuaIndent()
    4   0.017048   0.000290  provider#clipboard#Call()
    4              0.000118  1()

